
  .   ____          _            __ _ _
 /\\ / ___'_ __ _ _(_)_ __  __ _ \ \ \ \
( ( )\___ | '_ | '_| | '_ \/ _` | \ \ \ \
 \\/  ___)| |_)| | | | | || (_| |  ) ) ) )
  '  |____| .__|_| |_|_| |_\__, | / / / /
 =========|_|==============|___/=/_/_/_/

 :: Spring Boot ::                (v4.0.6)

2026-05-29T21:03:42.675+05:30  INFO 15308 --- [CodeMatrix] [           main] c.c.p.CodeMatrix.CodeMatrixApplication   : Starting CodeMatrixApplication v0.0.1-SNAPSHOT using Java 17.0.12 with PID 15308 (C:\Users\ASUS\OneDrive\Documents\Desktop\CodeMatrix\target\CodeMatrix-0.0.1-SNAPSHOT.jar started by ASUS in C:\Users\ASUS\OneDrive\Documents\Desktop\CodeMatrix)
2026-05-29T21:03:42.680+05:30  INFO 15308 --- [CodeMatrix] [           main] c.c.p.CodeMatrix.CodeMatrixApplication   : No active profile set, falling back to 1 default profile: "default"
2026-05-29T21:03:44.262+05:30  INFO 15308 --- [CodeMatrix] [           main] .s.d.r.c.RepositoryConfigurationDelegate : Bootstrapping Spring Data JPA repositories in DEFAULT mode.
2026-05-29T21:03:44.340+05:30  INFO 15308 --- [CodeMatrix] [           main] .s.d.r.c.RepositoryConfigurationDelegate : Finished Spring Data repository scanning in 62 ms. Found 4 JPA repository interfaces.
2026-05-29T21:03:45.575+05:30  INFO 15308 --- [CodeMatrix] [           main] o.s.boot.tomcat.TomcatWebServer          : Tomcat initialized with port 8080 (http)
2026-05-29T21:03:45.602+05:30  INFO 15308 --- [CodeMatrix] [           main] o.apache.catalina.core.StandardService   : Starting service [Tomcat]
2026-05-29T21:03:45.603+05:30  INFO 15308 --- [CodeMatrix] [           main] o.apache.catalina.core.StandardEngine    : Starting Servlet engine: [Apache Tomcat/11.0.21]
2026-05-29T21:03:45.654+05:30  INFO 15308 --- [CodeMatrix] [           main] b.w.c.s.WebApplicationContextInitializer : Root WebApplicationContext: initialization completed in 2867 ms
2026-05-29T21:03:46.201+05:30  INFO 15308 --- [CodeMatrix] [           main] org.hibernate.orm.jpa                    : HHH008540: Processing PersistenceUnitInfo [name: default]
2026-05-29T21:03:46.305+05:30  INFO 15308 --- [CodeMatrix] [           main] org.hibernate.orm.core                   : HHH000001: Hibernate ORM core version 7.2.12.Final
2026-05-29T21:03:47.452+05:30  INFO 15308 --- [CodeMatrix] [           main] o.s.o.j.p.SpringPersistenceUnitInfo      : No LoadTimeWeaver setup: ignoring JPA class transformer
2026-05-29T21:03:47.527+05:30  INFO 15308 --- [CodeMatrix] [           main] com.zaxxer.hikari.HikariDataSource       : HikariPool-1 - Starting...
2026-05-29T21:03:48.228+05:30  INFO 15308 --- [CodeMatrix] [           main] com.zaxxer.hikari.pool.HikariPool        : HikariPool-1 - Added connection com.mysql.cj.jdbc.ConnectionImpl@2a8e30e3
2026-05-29T21:03:48.229+05:30  INFO 15308 --- [CodeMatrix] [           main] com.zaxxer.hikari.HikariDataSource       : HikariPool-1 - Start completed.
2026-05-29T21:03:48.444+05:30  INFO 15308 --- [CodeMatrix] [           main] org.hibernate.orm.connections.pooling    : HHH10001005: Database info:
	Database JDBC URL [jdbc:mysql://localhost:3306/codematrix]
	Database driver: MySQL Connector/J
	Database dialect: MySQLDialect
	Database version: 8.0.40
	Default catalog/schema: codematrix/undefined
	Autocommit mode: undefined/unknown
	Isolation level: REPEATABLE_READ [default REPEATABLE_READ]
	JDBC fetch size: none
	Pool: DataSourceConnectionProvider
	Minimum pool size: undefined/unknown
	Maximum pool size: undefined/unknown
2026-05-29T21:03:50.030+05:30  INFO 15308 --- [CodeMatrix] [           main] org.hibernate.orm.core                   : HHH000489: No JTA platform available (set 'hibernate.transaction.jta.platform' to enable JTA platform integration)
2026-05-29T21:03:50.152+05:30  INFO 15308 --- [CodeMatrix] [           main] j.LocalContainerEntityManagerFactoryBean : Initialized JPA EntityManagerFactory for persistence unit 'default'
2026-05-29T21:03:50.256+05:30  INFO 15308 --- [CodeMatrix] [           main] o.s.d.j.r.query.QueryEnhancerFactories   : Hibernate is in classpath; If applicable, HQL parser will be used.
2026-05-29T21:03:50.772+05:30  INFO 15308 --- [CodeMatrix] [           main] eAuthenticationProviderManagerConfigurer : Global AuthenticationManager configured with AuthenticationProvider bean with name authenticationProvider
2026-05-29T21:03:50.772+05:30  WARN 15308 --- [CodeMatrix] [           main] r$InitializeUserDetailsManagerConfigurer : Global AuthenticationManager configured with an AuthenticationProvider bean. UserDetailsService beans will not be used by Spring Security for automatically configuring username/password login. Consider removing the AuthenticationProvider bean. Alternatively, consider using the UserDetailsService in a manually instantiated DaoAuthenticationProvider. If the current configuration is intentional, to turn off this warning, increase the logging level of 'org.springframework.security.config.annotation.authentication.configuration.InitializeUserDetailsBeanManagerConfigurer' to ERROR
2026-05-29T21:03:51.013+05:30  WARN 15308 --- [CodeMatrix] [           main] JpaBaseConfiguration$JpaWebConfiguration : spring.jpa.open-in-view is enabled by default. Therefore, database queries may be performed during view rendering. Explicitly configure spring.jpa.open-in-view to disable this warning
2026-05-29T21:03:51.527+05:30  INFO 15308 --- [CodeMatrix] [           main] o.s.b.w.a.WelcomePageHandlerMapping      : Adding welcome page: class path resource [static/index.html]
2026-05-29T21:03:52.409+05:30  INFO 15308 --- [CodeMatrix] [           main] o.s.b.a.e.web.EndpointLinksResolver      : Exposing 1 endpoint beneath base path '/actuator'
2026-05-29T21:03:52.562+05:30  INFO 15308 --- [CodeMatrix] [           main] o.s.boot.tomcat.TomcatWebServer          : Tomcat started on port 8080 (http) with context path '/'
2026-05-29T21:03:52.576+05:30  INFO 15308 --- [CodeMatrix] [           main] c.c.p.CodeMatrix.CodeMatrixApplication   : Started CodeMatrixApplication in 10.708 seconds (process running for 11.607)
2026-05-29T21:03:53.106+05:30  INFO 15308 --- [CodeMatrix] [nio-8080-exec-1] o.a.c.c.C.[Tomcat].[localhost].[/]       : Initializing Spring DispatcherServlet 'dispatcherServlet'
2026-05-29T21:03:53.106+05:30  INFO 15308 --- [CodeMatrix] [nio-8080-exec-1] o.s.web.servlet.DispatcherServlet        : Initializing Servlet 'dispatcherServlet'
2026-05-29T21:03:53.111+05:30  INFO 15308 --- [CodeMatrix] [nio-8080-exec-1] o.s.web.servlet.DispatcherServlet        : Completed initialization in 2 ms
Hibernate: 
    select
        au1_0.id 
    from
        users au1_0 
    where
        au1_0.email=? 
    limit
        ?
